#! /storage/ice-shared/cs3220/design_tool_chain/iverilog/src/bin/vvp
:ivl_version "11.0 (stable)" "(v11_0-132-gb2f2414f4)";
:ivl_delay_selection "TYPICAL";
:vpi_time_precision + 0;
:vpi_module "/storage/ice-shared/cs3220/design_tool_chain/iverilog/src/lib/ivl/system.vpi";
:vpi_module "/storage/ice-shared/cs3220/design_tool_chain/iverilog/src/lib/ivl/vhdl_sys.vpi";
:vpi_module "/storage/ice-shared/cs3220/design_tool_chain/iverilog/src/lib/ivl/vhdl_textio.vpi";
:vpi_module "/storage/ice-shared/cs3220/design_tool_chain/iverilog/src/lib/ivl/v2005_math.vpi";
:vpi_module "/storage/ice-shared/cs3220/design_tool_chain/iverilog/src/lib/ivl/va_math.vpi";
S_0x6fff80 .scope module, "tb_fp32" "tb_fp32" 2 15;
 .timescale 0 0;
P_0x6c5810 .param/l "DATA_WIDTH" 0 2 16, +C4<00000000000000000000000000100000>;
P_0x6c5850 .param/l "INST_WIDTH" 0 2 17, +C4<00000000000000000000000000000010>;
P_0x6c5890 .param/l "test_clk_PERIOD" 1 2 41, +C4<00000000000000000000000000001010>;
v0x715c00_0 .var "test_a", 31 0;
v0x715ce0_0 .var "test_b", 31 0;
v0x715db0_0 .var "test_clk", 0 0;
v0x715eb0_0 .net "test_data", 31 0, L_0x716290;  1 drivers
v0x715f80_0 .var "test_i_inst", 1 0;
v0x716020_0 .var "test_i_valid", 0 0;
v0x7160f0_0 .var "test_rst_n", 0 0;
v0x7161c0_0 .net "test_valid", 0 0, L_0x716350;  1 drivers
E_0x6fd280 .event posedge, v0x715360_0;
S_0x6c41f0 .scope module, "dut" "fp32" 2 29, 3 1 0, S_0x6fff80;
 .timescale 0 0;
    .port_info 0 /INPUT 1 "i_clk";
    .port_info 1 /INPUT 1 "i_rst_n";
    .port_info 2 /INPUT 32 "i_data_a";
    .port_info 3 /INPUT 32 "i_data_b";
    .port_info 4 /INPUT 2 "i_inst";
    .port_info 5 /INPUT 1 "i_valid";
    .port_info 6 /OUTPUT 32 "o_data";
    .port_info 7 /OUTPUT 1 "o_valid";
P_0x6e9f90 .param/l "DATA_WIDTH" 0 3 2, +C4<00000000000000000000000000100000>;
P_0x6e9fd0 .param/l "INST_WIDTH" 0 3 3, +C4<00000000000000000000000000000010>;
L_0x716290 .functor BUFZ 32, v0x6c45a0_0, C4<00000000000000000000000000000000>, C4<00000000000000000000000000000000>, C4<00000000000000000000000000000000>;
L_0x716350 .functor BUFZ 1, v0x715a40_0, C4<0>, C4<0>, C4<0>;
v0x6c45a0_0 .var "data_fp32", 31 0;
v0x715360_0 .net "i_clk", 0 0, v0x715db0_0;  1 drivers
v0x715420_0 .net "i_data_a", 31 0, v0x715c00_0;  1 drivers
v0x715510_0 .net "i_data_b", 31 0, v0x715ce0_0;  1 drivers
v0x7155f0_0 .net "i_inst", 1 0, v0x715f80_0;  1 drivers
v0x715720_0 .net "i_rst_n", 0 0, v0x7160f0_0;  1 drivers
v0x7157e0_0 .net "i_valid", 0 0, v0x716020_0;  1 drivers
v0x7158a0_0 .net "o_data", 31 0, L_0x716290;  alias, 1 drivers
v0x715980_0 .net "o_valid", 0 0, L_0x716350;  alias, 1 drivers
v0x715a40_0 .var "valid_fp32", 0 0;
E_0x6fd880/0 .event negedge, v0x715720_0;
E_0x6fd880/1 .event posedge, v0x715360_0;
E_0x6fd880 .event/or E_0x6fd880/0, E_0x6fd880/1;
    .scope S_0x6c41f0;
T_0 ;
    %wait E_0x6fd880;
    %load/vec4 v0x715720_0;
    %nor/r;
    %flag_set/vec4 8;
    %jmp/0xz  T_0.0, 8;
    %pushi/vec4 0, 0, 32;
    %assign/vec4 v0x6c45a0_0, 0;
    %pushi/vec4 0, 0, 1;
    %assign/vec4 v0x715a40_0, 0;
    %jmp T_0.1;
T_0.0 ;
    %pushi/vec4 0, 0, 1;
    %assign/vec4 v0x715a40_0, 0;
    %load/vec4 v0x7157e0_0;
    %flag_set/vec4 8;
    %jmp/0xz  T_0.2, 8;
    %load/vec4 v0x7155f0_0;
    %dup/vec4;
    %pushi/vec4 0, 0, 2;
    %cmp/u;
    %jmp/1 T_0.4, 6;
    %dup/vec4;
    %pushi/vec4 1, 0, 2;
    %cmp/u;
    %jmp/1 T_0.5, 6;
    %dup/vec4;
    %pushi/vec4 2, 0, 2;
    %cmp/u;
    %jmp/1 T_0.6, 6;
    %pushi/vec4 0, 0, 32;
    %store/vec4 v0x6c45a0_0, 0, 32;
    %jmp T_0.8;
T_0.4 ;
    %load/vec4 v0x715420_0;
    %load/vec4 v0x715510_0;
    %add;
    %store/vec4 v0x6c45a0_0, 0, 32;
    %jmp T_0.8;
T_0.5 ;
    %load/vec4 v0x715420_0;
    %load/vec4 v0x715510_0;
    %mul;
    %store/vec4 v0x6c45a0_0, 0, 32;
    %jmp T_0.8;
T_0.6 ;
    %load/vec4 v0x715420_0;
    %load/vec4 v0x715510_0;
    %div;
    %store/vec4 v0x6c45a0_0, 0, 32;
    %jmp T_0.8;
T_0.8 ;
    %pop/vec4 1;
    %pushi/vec4 1, 0, 1;
    %assign/vec4 v0x715a40_0, 0;
T_0.2 ;
T_0.1 ;
    %jmp T_0;
    .thread T_0;
    .scope S_0x6fff80;
T_1 ;
    %delay 5, 0;
    %load/vec4 v0x715db0_0;
    %inv;
    %store/vec4 v0x715db0_0, 0, 1;
    %jmp T_1;
    .thread T_1;
    .scope S_0x6fff80;
T_2 ;
    %vpi_call 2 45 "$dumpfile", "tb_fp32.vcd" {0 0 0};
    %vpi_call 2 46 "$dumpvars", 32'sb00000000000000000000000000000000, S_0x6fff80 {0 0 0};
    %end;
    .thread T_2;
    .scope S_0x6fff80;
T_3 ;
    %wait E_0x6fd280;
    %vpi_call 2 63 "$display", "Hello" {0 0 0};
    %jmp T_3;
    .thread T_3;
# The file index is used to find the file name in the following table.
:file_names 4;
    "N/A";
    "<interactive>";
    "testbench.v";
    "fp32.v";
