#! /storage/ice-shared/cs3220/design_tool_chain/iverilog/src/bin/vvp
:ivl_version "11.0 (stable)" "(v11_0-132-gb2f2414f4)";
:ivl_delay_selection "TYPICAL";
:vpi_time_precision + 0;
:vpi_module "/storage/ice-shared/cs3220/design_tool_chain/iverilog/src/lib/ivl/system.vpi";
:vpi_module "/storage/ice-shared/cs3220/design_tool_chain/iverilog/src/lib/ivl/vhdl_sys.vpi";
:vpi_module "/storage/ice-shared/cs3220/design_tool_chain/iverilog/src/lib/ivl/vhdl_textio.vpi";
:vpi_module "/storage/ice-shared/cs3220/design_tool_chain/iverilog/src/lib/ivl/v2005_math.vpi";
:vpi_module "/storage/ice-shared/cs3220/design_tool_chain/iverilog/src/lib/ivl/va_math.vpi";
S_0x700bd0 .scope module, "testbench" "testbench" 2 1;
 .timescale 0 0;
v0x717810_0 .var "a", 31 0;
v0x7178f0_0 .var "b", 31 0;
v0x717990_0 .net "calc_result", 31 0, L_0x717b30;  1 drivers
v0x717a60_0 .var "instruction", 3 0;
S_0x700d60 .scope module, "alu1" "alu" 2 7, 3 1 0, S_0x700bd0;
 .timescale 0 0;
    .port_info 0 /INPUT 1 "i_clk";
    .port_info 1 /INPUT 1 "i_rst_n";
    .port_info 2 /INPUT 32 "i_data_a";
    .port_info 3 /INPUT 32 "i_data_b";
    .port_info 4 /INPUT 4 "i_inst";
    .port_info 5 /INPUT 1 "i_valid";
    .port_info 6 /OUTPUT 32 "o_data";
    .port_info 7 /OUTPUT 1 "o_overflow";
    .port_info 8 /OUTPUT 1 "o_valid";
P_0x6ec4f0 .param/l "DATA_WIDTH" 0 3 2, +C4<00000000000000000000000000100000>;
P_0x6ec530 .param/l "INST_WIDTH" 0 3 3, +C4<00000000000000000000000000000100>;
L_0x717b30 .functor BUFZ 32, v0x717610_0, C4<00000000000000000000000000000000>, C4<00000000000000000000000000000000>, C4<00000000000000000000000000000000>;
L_0x155555131018 .functor BUFT 1, C4<1>, C4<0>, C4<0>, C4<0>;
L_0x1555551310a8 .functor BUFT 1, C4<1>, C4<0>, C4<0>, C4<0>;
L_0x717ba0 .functor AND 1, L_0x155555131018, L_0x1555551310a8, C4<1>, C4<1>;
v0x6c2b50_0 .net *"_ivl_4", 0 0, L_0x717ba0;  1 drivers
v0x716de0_0 .net "i_clk", 0 0, L_0x155555131018;  1 drivers
v0x716ea0_0 .net "i_data_a", 31 0, v0x717810_0;  1 drivers
v0x716f60_0 .net "i_data_b", 31 0, v0x7178f0_0;  1 drivers
v0x717040_0 .net "i_inst", 3 0, v0x717a60_0;  1 drivers
L_0x155555131060 .functor BUFT 1, C4<0>, C4<0>, C4<0>, C4<0>;
v0x717170_0 .net "i_rst_n", 0 0, L_0x155555131060;  1 drivers
v0x717230_0 .net "i_valid", 0 0, L_0x1555551310a8;  1 drivers
v0x7172f0_0 .net "o_data", 31 0, L_0x717b30;  alias, 1 drivers
o0x15555517a198 .functor BUFZ 1, C4<z>; HiZ drive
v0x7173d0_0 .net "o_overflow", 0 0, o0x15555517a198;  0 drivers
o0x15555517a1c8 .functor BUFZ 1, C4<z>; HiZ drive
v0x717490_0 .net "o_valid", 0 0, o0x15555517a1c8;  0 drivers
v0x717550_0 .var "overflow", 0 0;
v0x717610_0 .var "result", 31 0;
E_0x6fc0d0 .event posedge, L_0x717ba0;
    .scope S_0x700d60;
T_0 ;
    %wait E_0x6fc0d0;
    %load/vec4 v0x717170_0;
    %nor/r;
    %flag_set/vec4 8;
    %jmp/0xz  T_0.0, 8;
T_0.0 ;
    %load/vec4 v0x717040_0;
    %dup/vec4;
    %pushi/vec4 0, 0, 4;
    %cmp/u;
    %jmp/1 T_0.2, 6;
    %dup/vec4;
    %pushi/vec4 1, 0, 4;
    %cmp/u;
    %jmp/1 T_0.3, 6;
    %dup/vec4;
    %pushi/vec4 2, 0, 4;
    %cmp/u;
    %jmp/1 T_0.4, 6;
    %dup/vec4;
    %pushi/vec4 3, 0, 4;
    %cmp/u;
    %jmp/1 T_0.5, 6;
    %dup/vec4;
    %pushi/vec4 4, 0, 4;
    %cmp/u;
    %jmp/1 T_0.6, 6;
    %dup/vec4;
    %pushi/vec4 5, 0, 4;
    %cmp/u;
    %jmp/1 T_0.7, 6;
    %dup/vec4;
    %pushi/vec4 6, 0, 4;
    %cmp/u;
    %jmp/1 T_0.8, 6;
    %dup/vec4;
    %pushi/vec4 7, 0, 4;
    %cmp/u;
    %jmp/1 T_0.9, 6;
    %dup/vec4;
    %pushi/vec4 8, 0, 4;
    %cmp/u;
    %jmp/1 T_0.10, 6;
    %dup/vec4;
    %pushi/vec4 9, 0, 4;
    %cmp/u;
    %jmp/1 T_0.11, 6;
    %dup/vec4;
    %pushi/vec4 10, 0, 4;
    %cmp/u;
    %jmp/1 T_0.12, 6;
    %dup/vec4;
    %pushi/vec4 11, 0, 4;
    %cmp/u;
    %jmp/1 T_0.13, 6;
    %dup/vec4;
    %pushi/vec4 12, 0, 4;
    %cmp/u;
    %jmp/1 T_0.14, 6;
    %dup/vec4;
    %pushi/vec4 13, 0, 4;
    %cmp/u;
    %jmp/1 T_0.15, 6;
    %dup/vec4;
    %pushi/vec4 14, 0, 4;
    %cmp/u;
    %jmp/1 T_0.16, 6;
    %jmp T_0.17;
T_0.2 ;
    %pushi/vec4 0, 0, 32;
    %assign/vec4 v0x717610_0, 0;
    %jmp T_0.17;
T_0.3 ;
    %pushi/vec4 0, 0, 32;
    %assign/vec4 v0x717610_0, 0;
    %jmp T_0.17;
T_0.4 ;
    %pushi/vec4 0, 0, 32;
    %assign/vec4 v0x717610_0, 0;
    %jmp T_0.17;
T_0.5 ;
    %pushi/vec4 0, 0, 32;
    %assign/vec4 v0x717610_0, 0;
    %jmp T_0.17;
T_0.6 ;
    %pushi/vec4 0, 0, 32;
    %assign/vec4 v0x717610_0, 0;
    %jmp T_0.17;
T_0.7 ;
    %load/vec4 v0x716ea0_0;
    %load/vec4 v0x716f60_0;
    %add;
    %assign/vec4 v0x717610_0, 0;
    %jmp T_0.17;
T_0.8 ;
    %load/vec4 v0x716ea0_0;
    %load/vec4 v0x716f60_0;
    %sub;
    %assign/vec4 v0x717610_0, 0;
    %jmp T_0.17;
T_0.9 ;
    %load/vec4 v0x716ea0_0;
    %load/vec4 v0x716f60_0;
    %mul;
    %assign/vec4 v0x717610_0, 0;
    %jmp T_0.17;
T_0.10 ;
    %load/vec4 v0x716f60_0;
    %load/vec4 v0x716ea0_0;
    %cmp/u;
    %flag_mov 8, 5;
    %jmp/0 T_0.18, 8;
    %load/vec4 v0x716ea0_0;
    %jmp/1 T_0.19, 8;
T_0.18 ; End of true expr.
    %load/vec4 v0x716f60_0;
    %jmp/0 T_0.19, 8;
 ; End of false expr.
    %blend;
T_0.19;
    %assign/vec4 v0x717610_0, 0;
    %pushi/vec4 0, 0, 1;
    %assign/vec4 v0x717550_0, 0;
    %jmp T_0.17;
T_0.11 ;
    %load/vec4 v0x716f60_0;
    %load/vec4 v0x716ea0_0;
    %cmp/u;
    %flag_mov 8, 5;
    %jmp/0 T_0.20, 8;
    %load/vec4 v0x716f60_0;
    %jmp/1 T_0.21, 8;
T_0.20 ; End of true expr.
    %load/vec4 v0x716ea0_0;
    %jmp/0 T_0.21, 8;
 ; End of false expr.
    %blend;
T_0.21;
    %assign/vec4 v0x717610_0, 0;
    %jmp T_0.17;
T_0.12 ;
    %load/vec4 v0x716ea0_0;
    %load/vec4 v0x716f60_0;
    %and;
    %assign/vec4 v0x717610_0, 0;
    %jmp T_0.17;
T_0.13 ;
    %load/vec4 v0x716ea0_0;
    %load/vec4 v0x716f60_0;
    %or;
    %assign/vec4 v0x717610_0, 0;
    %jmp T_0.17;
T_0.14 ;
    %load/vec4 v0x716ea0_0;
    %load/vec4 v0x716f60_0;
    %xor;
    %assign/vec4 v0x717610_0, 0;
    %jmp T_0.17;
T_0.15 ;
    %load/vec4 v0x716ea0_0;
    %inv;
    %assign/vec4 v0x717610_0, 0;
    %jmp T_0.17;
T_0.16 ;
    %pushi/vec4 0, 0, 32;
    %assign/vec4 v0x717610_0, 0;
    %jmp T_0.17;
T_0.17 ;
    %pop/vec4 1;
    %jmp T_0;
    .thread T_0;
    .scope S_0x700bd0;
T_1 ;
    %vpi_call 2 10 "$dumpfile", "alu.vcd" {0 0 0};
    %vpi_call 2 11 "$dumpvars", 32'sb00000000000000000000000000000000, S_0x700bd0 {0 0 0};
    %end;
    .thread T_1;
    .scope S_0x700bd0;
T_2 ;
    %pushi/vec4 0, 0, 32;
    %store/vec4 v0x717810_0, 0, 32;
    %pushi/vec4 1, 0, 32;
    %store/vec4 v0x7178f0_0, 0, 32;
    %pushi/vec4 5, 0, 4;
    %store/vec4 v0x717a60_0, 0, 4;
    %delay 10, 0;
    %vpi_call 2 19 "$display", "a b instruction result" {0 0 0};
    %vpi_call 2 20 "$display", "%32d %32d %4d %32d", v0x717810_0, v0x7178f0_0, v0x717a60_0, v0x717990_0 {0 0 0};
    %end;
    .thread T_2;
# The file index is used to find the file name in the following table.
:file_names 4;
    "N/A";
    "<interactive>";
    "testbench.v";
    "Q7.v";
